// Jest Snapshot v1, https://goo.gl/fbAQLP

exports[`Search Component snapshot test 1`] = `
ShallowWrapper {
  Symbol(enzyme.__root__): [Circular],
  Symbol(enzyme.__unrendered__): <Search />,
  Symbol(enzyme.__renderer__): Object {
    "batchedUpdates": [Function],
    "checkPropTypes": [Function],
    "getNode": [Function],
    "render": [Function],
    "simulateError": [Function],
    "simulateEvent": [Function],
    "unmount": [Function],
  },
  Symbol(enzyme.__node__): Object {
    "instance": null,
    "key": undefined,
    "nodeType": "host",
    "props": Object {
      "children": Array [
        <span>
          <input
            className="search-field"
            onChange={[Function]}
            placeholder="Search by name/location.."
            value=""
          />
          <img
            className="spinner"
            src="spinner.svg"
            style={
              Object {
                "display": "none",
              }
            }
          />
        </span>,
        <div
          className="search-container"
          style={
            Object {
              "display": "",
            }
          }
        >
          
        </div>,
        "",
      ],
    },
    "ref": null,
    "rendered": Array [
      Object {
        "instance": null,
        "key": undefined,
        "nodeType": "host",
        "props": Object {
          "children": Array [
            <input
              className="search-field"
              onChange={[Function]}
              placeholder="Search by name/location.."
              value=""
            />,
            <img
              className="spinner"
              src="spinner.svg"
              style={
                Object {
                  "display": "none",
                }
              }
            />,
          ],
        },
        "ref": null,
        "rendered": Array [
          Object {
            "instance": null,
            "key": undefined,
            "nodeType": "host",
            "props": Object {
              "className": "search-field",
              "onChange": [Function],
              "placeholder": "Search by name/location..",
              "value": "",
            },
            "ref": [Function],
            "rendered": null,
            "type": "input",
          },
          Object {
            "instance": null,
            "key": undefined,
            "nodeType": "host",
            "props": Object {
              "className": "spinner",
              "src": "spinner.svg",
              "style": Object {
                "display": "none",
              },
            },
            "ref": null,
            "rendered": null,
            "type": "img",
          },
        ],
        "type": "span",
      },
      Object {
        "instance": null,
        "key": undefined,
        "nodeType": "host",
        "props": Object {
          "children": "",
          "className": "search-container",
          "style": Object {
            "display": "",
          },
        },
        "ref": null,
        "rendered": "",
        "type": "div",
      },
      "",
    ],
    "type": "form",
  },
  Symbol(enzyme.__nodes__): Array [
    Object {
      "instance": null,
      "key": undefined,
      "nodeType": "host",
      "props": Object {
        "children": Array [
          <span>
            <input
              className="search-field"
              onChange={[Function]}
              placeholder="Search by name/location.."
              value=""
            />
            <img
              className="spinner"
              src="spinner.svg"
              style={
                Object {
                  "display": "none",
                }
              }
            />
          </span>,
          <div
            className="search-container"
            style={
              Object {
                "display": "",
              }
            }
          >
            
          </div>,
          "",
        ],
      },
      "ref": null,
      "rendered": Array [
        Object {
          "instance": null,
          "key": undefined,
          "nodeType": "host",
          "props": Object {
            "children": Array [
              <input
                className="search-field"
                onChange={[Function]}
                placeholder="Search by name/location.."
                value=""
              />,
              <img
                className="spinner"
                src="spinner.svg"
                style={
                  Object {
                    "display": "none",
                  }
                }
              />,
            ],
          },
          "ref": null,
          "rendered": Array [
            Object {
              "instance": null,
              "key": undefined,
              "nodeType": "host",
              "props": Object {
                "className": "search-field",
                "onChange": [Function],
                "placeholder": "Search by name/location..",
                "value": "",
              },
              "ref": [Function],
              "rendered": null,
              "type": "input",
            },
            Object {
              "instance": null,
              "key": undefined,
              "nodeType": "host",
              "props": Object {
                "className": "spinner",
                "src": "spinner.svg",
                "style": Object {
                  "display": "none",
                },
              },
              "ref": null,
              "rendered": null,
              "type": "img",
            },
          ],
          "type": "span",
        },
        Object {
          "instance": null,
          "key": undefined,
          "nodeType": "host",
          "props": Object {
            "children": "",
            "className": "search-container",
            "style": Object {
              "display": "",
            },
          },
          "ref": null,
          "rendered": "",
          "type": "div",
        },
        "",
      ],
      "type": "form",
    },
  ],
  Symbol(enzyme.__options__): Object {
    "adapter": ReactSixteenAdapter {
      "options": Object {
        "enableComponentDidUpdateOnSetState": true,
        "legacyContextMode": "parent",
        "lifecycles": Object {
          "componentDidUpdate": Object {
            "onSetState": true,
          },
          "getChildContext": Object {
            "calledByRenderer": false,
          },
          "getDerivedStateFromProps": Object {
            "hasShouldComponentUpdateBug": false,
          },
          "getSnapshotBeforeUpdate": true,
          "setState": Object {
            "skipsComponentDidUpdateOnNullish": true,
          },
        },
      },
    },
  },
  Symbol(enzyme.__childContext__): null,
}
`;
